******************************************************************************
                  MSP430 Linker PC v4.2.1                      
******************************************************************************
>> Linked Tue Feb 25 11:32:37 2014

OUTPUT FILE NAME:   <teste.out>
ENTRY POINT SYMBOL: "_c_int00"  address: 000081b8


MEMORY CONFIGURATION

         name            origin    length      used     unused   attr    fill
----------------------  --------  ---------  --------  --------  ----  --------
  SFR                   00000000   00000010  00000000  00000010  RWIX
  PERIPHERALS_8BIT      00000010   000000f0  00000000  000000f0  RWIX
  PERIPHERALS_16BIT     00000100   00000100  00000000  00000100  RWIX
  RAM                   00000200   00000400  00000043  000003bd  RWIX
  INFOD                 00001000   00000040  00000000  00000040  RWIX
  INFOC                 00001040   00000040  00000000  00000040  RWIX
  INFOB                 00001080   00000040  00000000  00000040  RWIX
  INFOA                 000010c0   00000040  00000000  00000040  RWIX
  FLASH                 00008000   00007fde  000002be  00007d20  RWIX
  INT00                 0000ffe0   00000002  00000000  00000002  RWIX
  INT01                 0000ffe2   00000002  00000000  00000002  RWIX
  INT02                 0000ffe4   00000002  00000002  00000000  RWIX
  INT03                 0000ffe6   00000002  00000002  00000000  RWIX
  INT04                 0000ffe8   00000002  00000000  00000002  RWIX
  INT05                 0000ffea   00000002  00000002  00000000  RWIX
  INT06                 0000ffec   00000002  00000002  00000000  RWIX
  INT07                 0000ffee   00000002  00000002  00000000  RWIX
  INT08                 0000fff0   00000002  00000002  00000000  RWIX
  INT09                 0000fff2   00000002  00000002  00000000  RWIX
  INT10                 0000fff4   00000002  00000002  00000000  RWIX
  INT11                 0000fff6   00000002  00000000  00000002  RWIX
  INT12                 0000fff8   00000002  00000002  00000000  RWIX
  INT13                 0000fffa   00000002  00000002  00000000  RWIX
  INT14                 0000fffc   00000002  00000002  00000000  RWIX
  RESET                 0000fffe   00000002  00000002  00000000  RWIX


SECTION ALLOCATION MAP

 output                                  attributes/
section   page    origin      length       input sections
--------  ----  ----------  ----------   ----------------
xdc.meta   0    00000000    000000e8     COPY SECTION
                  00000000    000000e8     main_pe430.oe430 (xdc.meta)

.init_array 
*          0    00008000    00000000     UNINITIALIZED

.bss       0    00000200    00000003     UNINITIALIZED
                  00000200    00000002     (.common:i)
                  00000202    00000001     (.common:data)

.TI.noinit 
*          0    00000200    00000000     UNINITIALIZED

.stack     0    000005c0    00000040     UNINITIALIZED
                  000005c0    00000002     ti.targets.msp430.rts430.ae430 : boot.oe430 (.stack)
                  000005c2    0000003e     --HOLE--

.text      0    00008000    000002b4     
                  00008000    000000ae     main.obj (.text:main)
                  000080ae    0000006a     ti.targets.msp430.rts430.ae430 : autoinit.oe430 (.text:_auto_init)
                  00008118    00000044     grace.lib : GPIO_init.obj (.text:GPIO_graceInit)
                  0000815c    00000032               : BCSplus_init.obj (.text:BCSplus_graceInit)
                  0000818e    0000002a     main.obj (.text:inicializa)
                  000081b8    00000026     ti.targets.msp430.rts430.ae430 : boot.oe430 (.text:_c_int00_noexit)
                  000081de    00000024     grace.lib : Grace_init.obj (.text:Grace_init)
                  00008202    0000001a               : InterruptVectors_init.obj (.text:PORT2_ISR_HOOK)
                  0000821c    0000001a               : USCI_A0_init.obj (.text:USCI_A0_graceInit)
                  00008236    0000001a               : USCI_B0_init.obj (.text:USCI_B0_graceInit)
                  00008250    00000014     rts430_eabi.lib : copy_zero_init.obj (.text:decompress:ZI:__TI_zero_init)
                  00008264    00000010                     : epilog.obj (.text)
                  00008274    0000000c     main.obj (.text:acc_isr)
                  00008280    0000000a     main_pe430.oe430 (.text:.bootCodeSection:ti_catalog_msp430_init_Boot_init)
                  0000828a    00000008     ti.catalog.msp430.init.ae430 : Boot.oe430 (.text:.bootCodeSection:ti_catalog_msp430_init_Boot_disableWatchdog)
                  00008292    00000008     grace.lib : WDTplus_init.obj (.text:WDTplus_graceInit)
                  0000829a    00000006     rts430_eabi.lib : isr_trap.obj (.text:__TI_ISR_TRAP)
                  000082a0    00000006     main_pe430.oe430 (.text:xdc_runtime_Startup_reset__I)
                  000082a6    00000004     grace.lib : System_init.obj (.text:System_graceInit)
                  000082aa    00000004     ti.targets.msp430.rts430.ae430 : pre_init.oe430 (.text:_system_pre_init)
                  000082ae    00000004     rts430_eabi.lib : exit.obj (.text:abort)
                  000082b2    00000002     grace.lib : InterruptVectors_init.obj (.text:InterruptVectors_graceInit)

.cinit     0    000082b4    0000000a     
                  000082b4    00000004     (.cinit..bss.load) [load image, compression = zero_init]
                  000082b8    00000002     (__TI_handler_table)
                  000082ba    00000004     (__TI_cinit_table)

PORT1      0    0000ffe4    00000002     
                  0000ffe4    00000002     rts430_eabi.lib : int02.obj (.int02)

PORT2      0    0000ffe6    00000002     
                  0000ffe6    00000002     grace.lib : InterruptVectors_init.obj (.int03)

ADC10      0    0000ffea    00000002     
                  0000ffea    00000002     rts430_eabi.lib : int05.obj (.int05)

USCIAB0TX 
*          0    0000ffec    00000002     
                  0000ffec    00000002     rts430_eabi.lib : int06.obj (.int06)

USCIAB0RX 
*          0    0000ffee    00000002     
                  0000ffee    00000002     rts430_eabi.lib : int07.obj (.int07)

TIMERA1    0    0000fff0    00000002     
                  0000fff0    00000002     rts430_eabi.lib : int08.obj (.int08)

TIMERA0    0    0000fff2    00000002     
                  0000fff2    00000002     rts430_eabi.lib : int09.obj (.int09)

WDT        0    0000fff4    00000002     
                  0000fff4    00000002     rts430_eabi.lib : int10.obj (.int10)

TIMERB1    0    0000fff8    00000002     
                  0000fff8    00000002     rts430_eabi.lib : int12.obj (.int12)

TIMERB0    0    0000fffa    00000002     
                  0000fffa    00000002     rts430_eabi.lib : int13.obj (.int13)

NMI        0    0000fffc    00000002     
                  0000fffc    00000002     rts430_eabi.lib : int14.obj (.int14)

.reset     0    0000fffe    00000002     
                  0000fffe    00000002     ti.targets.msp430.rts430.ae430 : boot.oe430 (.reset)


LINKER GENERATED COPY TABLES

__TI_cinit_table @ 000082ba records: 1, size/record: 4, table size: 4
	.bss: load addr=000082b4, load size=00000004 bytes, run addr=00000200, run size=00000003 bytes, compression=zero_init


LINKER GENERATED HANDLER TABLE

__TI_handler_table @ 000082b8 records: 1, size/record: 2, table size: 2
	index: 0, handler: __TI_zero_init


GLOBAL SYMBOLS: SORTED ALPHABETICALLY BY Name 

address    name
--------   ----
0000004a   ADC10AE0
0000004b   ADC10AE1
000001b0   ADC10CTL0
000001b2   ADC10CTL1
00000048   ADC10DTC0
00000049   ADC10DTC1
000001b4   ADC10MEM
000001bc   ADC10SA
00000057   BCSCTL1
00000058   BCSCTL2
00000053   BCSCTL3
0000815c   BCSplus_graceInit
000082ae   C$$EXIT
000010fb   CALBC1_12MHZ
000010f9   CALBC1_16MHZ
000010ff   CALBC1_1MHZ
000010fd   CALBC1_8MHZ
000010fa   CALDCO_12MHZ
000010f8   CALDCO_16MHZ
000010fe   CALDCO_1MHZ
000010fc   CALDCO_8MHZ
00000056   DCOCTL
00000128   FCTL1
0000012a   FCTL2
0000012c   FCTL3
00008118   GPIO_graceInit
000081de   Grace_init
00000000   IE1
00000001   IE2
00000002   IFG1
00000003   IFG2
000082b2   InterruptVectors_graceInit
000000c0   OA0CTL0
000000c1   OA0CTL1
000000c2   OA1CTL0
000000c3   OA1CTL1
00000022   P1DIR
00000025   P1IE
00000024   P1IES
00000023   P1IFG
00000020   P1IN
00000021   P1OUT
00000027   P1REN
00000026   P1SEL
0000002a   P2DIR
0000002d   P2IE
0000002c   P2IES
0000002b   P2IFG
00000028   P2IN
00000029   P2OUT
0000002f   P2REN
0000002e   P2SEL
0000001a   P3DIR
00000018   P3IN
00000019   P3OUT
00000010   P3REN
0000001b   P3SEL
0000001e   P4DIR
0000001c   P4IN
0000001d   P4OUT
00000011   P4REN
0000001f   P4SEL
00008202   PORT2_ISR_HOOK
000082a6   System_graceInit
00000172   TACCR0
00000174   TACCR1
00000176   TACCR2
00000162   TACCTL0
00000164   TACCTL1
00000166   TACCTL2
00000160   TACTL
0000012e   TAIV
00000170   TAR
00000192   TBCCR0
00000194   TBCCR1
00000196   TBCCR2
00000182   TBCCTL0
00000184   TBCCTL1
00000186   TBCCTL2
00000180   TBCTL
0000011e   TBIV
00000190   TBR
0000005d   UCA0ABCTL
00000062   UCA0BR0
00000063   UCA0BR1
00000060   UCA0CTL0
00000061   UCA0CTL1
0000005f   UCA0IRRCTL
0000005e   UCA0IRTCTL
00000064   UCA0MCTL
00000066   UCA0RXBUF
00000065   UCA0STAT
00000067   UCA0TXBUF
0000006a   UCB0BR0
0000006b   UCB0BR1
00000068   UCB0CTL0
00000069   UCB0CTL1
0000006c   UCB0I2CIE
00000118   UCB0I2COA
0000011a   UCB0I2CSA
0000006e   UCB0RXBUF
0000006d   UCB0STAT
0000006f   UCB0TXBUF
0000821c   USCI_A0_graceInit
00008236   USCI_B0_graceInit
00000120   WDTCTL
00008292   WDTplus_graceInit
00000000   __ASM__
0000005e   __ISA__
00000070   __PLAT__
00000600   __STACK_END
00000040   __STACK_SIZE
00000094   __TARG__
000082ba   __TI_CINIT_Base
000082be   __TI_CINIT_Limit
000082b8   __TI_Handler_Table_Base
000082ba   __TI_Handler_Table_Limit
UNDEFED    __TI_INITARRAY_Base
UNDEFED    __TI_INITARRAY_Limit
0000829a   __TI_ISR_TRAP
00000001   __TI_args_main
00000001   __TI_exit
0000ffe4   __TI_int02
0000ffe6   __TI_int03
0000ffea   __TI_int05
0000ffec   __TI_int06
0000ffee   __TI_int07
0000fff0   __TI_int08
0000fff2   __TI_int09
0000fff4   __TI_int10
0000fff8   __TI_int12
0000fffa   __TI_int13
0000fffc   __TI_int14
00008250   __TI_zero_init
000000c0   __TRDR__
ffffffff   __binit__
ffffffff   __c_args__
00008270   __mspabi_func_epilog_1
0000826e   __mspabi_func_epilog_2
0000826c   __mspabi_func_epilog_3
0000826a   __mspabi_func_epilog_4
00008268   __mspabi_func_epilog_5
00008266   __mspabi_func_epilog_6
00008264   __mspabi_func_epilog_7
000080ae   _auto_init
000081b8   _c_int00
000081b8   _c_int00_noexit
0000fffe   _reset_vector
000005c0   _stack
000082aa   _system_pre_init
000082ae   abort
00008274   acc_isr
ffffffff   binit
00000202   data
00000200   i
0000818e   inicializa
00008000   main
0000828a   ti_catalog_msp430_init_Boot_disableWatchdog
00008280   ti_catalog_msp430_init_Boot_init
00000000   xdc_runtime_Startup__EXECFXN__C
00000001   xdc_runtime_Startup__RESETFXN__C
00000000   xdc_runtime_Startup_exec__E
000082a0   xdc_runtime_Startup_reset__I


GLOBAL SYMBOLS: SORTED BY Symbol Address 

address    name
--------   ----
00000000   IE1
00000000   __ASM__
00000000   xdc_runtime_Startup__EXECFXN__C
00000000   xdc_runtime_Startup_exec__E
00000001   IE2
00000001   __TI_args_main
00000001   __TI_exit
00000001   xdc_runtime_Startup__RESETFXN__C
00000002   IFG1
00000003   IFG2
00000010   P3REN
00000011   P4REN
00000018   P3IN
00000019   P3OUT
0000001a   P3DIR
0000001b   P3SEL
0000001c   P4IN
0000001d   P4OUT
0000001e   P4DIR
0000001f   P4SEL
00000020   P1IN
00000021   P1OUT
00000022   P1DIR
00000023   P1IFG
00000024   P1IES
00000025   P1IE
00000026   P1SEL
00000027   P1REN
00000028   P2IN
00000029   P2OUT
0000002a   P2DIR
0000002b   P2IFG
0000002c   P2IES
0000002d   P2IE
0000002e   P2SEL
0000002f   P2REN
00000040   __STACK_SIZE
00000048   ADC10DTC0
00000049   ADC10DTC1
0000004a   ADC10AE0
0000004b   ADC10AE1
00000053   BCSCTL3
00000056   DCOCTL
00000057   BCSCTL1
00000058   BCSCTL2
0000005d   UCA0ABCTL
0000005e   UCA0IRTCTL
0000005e   __ISA__
0000005f   UCA0IRRCTL
00000060   UCA0CTL0
00000061   UCA0CTL1
00000062   UCA0BR0
00000063   UCA0BR1
00000064   UCA0MCTL
00000065   UCA0STAT
00000066   UCA0RXBUF
00000067   UCA0TXBUF
00000068   UCB0CTL0
00000069   UCB0CTL1
0000006a   UCB0BR0
0000006b   UCB0BR1
0000006c   UCB0I2CIE
0000006d   UCB0STAT
0000006e   UCB0RXBUF
0000006f   UCB0TXBUF
00000070   __PLAT__
00000094   __TARG__
000000c0   OA0CTL0
000000c0   __TRDR__
000000c1   OA0CTL1
000000c2   OA1CTL0
000000c3   OA1CTL1
00000118   UCB0I2COA
0000011a   UCB0I2CSA
0000011e   TBIV
00000120   WDTCTL
00000128   FCTL1
0000012a   FCTL2
0000012c   FCTL3
0000012e   TAIV
00000160   TACTL
00000162   TACCTL0
00000164   TACCTL1
00000166   TACCTL2
00000170   TAR
00000172   TACCR0
00000174   TACCR1
00000176   TACCR2
00000180   TBCTL
00000182   TBCCTL0
00000184   TBCCTL1
00000186   TBCCTL2
00000190   TBR
00000192   TBCCR0
00000194   TBCCR1
00000196   TBCCR2
000001b0   ADC10CTL0
000001b2   ADC10CTL1
000001b4   ADC10MEM
000001bc   ADC10SA
00000200   i
00000202   data
000005c0   _stack
00000600   __STACK_END
000010f8   CALDCO_16MHZ
000010f9   CALBC1_16MHZ
000010fa   CALDCO_12MHZ
000010fb   CALBC1_12MHZ
000010fc   CALDCO_8MHZ
000010fd   CALBC1_8MHZ
000010fe   CALDCO_1MHZ
000010ff   CALBC1_1MHZ
00008000   main
000080ae   _auto_init
00008118   GPIO_graceInit
0000815c   BCSplus_graceInit
0000818e   inicializa
000081b8   _c_int00
000081b8   _c_int00_noexit
000081de   Grace_init
00008202   PORT2_ISR_HOOK
0000821c   USCI_A0_graceInit
00008236   USCI_B0_graceInit
00008250   __TI_zero_init
00008264   __mspabi_func_epilog_7
00008266   __mspabi_func_epilog_6
00008268   __mspabi_func_epilog_5
0000826a   __mspabi_func_epilog_4
0000826c   __mspabi_func_epilog_3
0000826e   __mspabi_func_epilog_2
00008270   __mspabi_func_epilog_1
00008274   acc_isr
00008280   ti_catalog_msp430_init_Boot_init
0000828a   ti_catalog_msp430_init_Boot_disableWatchdog
00008292   WDTplus_graceInit
0000829a   __TI_ISR_TRAP
000082a0   xdc_runtime_Startup_reset__I
000082a6   System_graceInit
000082aa   _system_pre_init
000082ae   C$$EXIT
000082ae   abort
000082b2   InterruptVectors_graceInit
000082b8   __TI_Handler_Table_Base
000082ba   __TI_CINIT_Base
000082ba   __TI_Handler_Table_Limit
000082be   __TI_CINIT_Limit
0000ffe4   __TI_int02
0000ffe6   __TI_int03
0000ffea   __TI_int05
0000ffec   __TI_int06
0000ffee   __TI_int07
0000fff0   __TI_int08
0000fff2   __TI_int09
0000fff4   __TI_int10
0000fff8   __TI_int12
0000fffa   __TI_int13
0000fffc   __TI_int14
0000fffe   _reset_vector
ffffffff   __binit__
ffffffff   __c_args__
ffffffff   binit
UNDEFED    __TI_INITARRAY_Base
UNDEFED    __TI_INITARRAY_Limit

[163 symbols]
