******************************************************************************
                  MSP430 Linker PC v4.2.1                      
******************************************************************************
>> Linked Tue Feb 25 19:08:29 2014

OUTPUT FILE NAME:   <teste.out>
ENTRY POINT SYMBOL: "_c_int00"  address: 0000825a


MEMORY CONFIGURATION

         name            origin    length      used     unused   attr    fill
----------------------  --------  ---------  --------  --------  ----  --------
  SFR                   00000000   00000010  00000000  00000010  RWIX
  PERIPHERALS_8BIT      00000010   000000f0  00000000  000000f0  RWIX
  PERIPHERALS_16BIT     00000100   00000100  00000000  00000100  RWIX
  RAM                   00000200   00000400  00000043  000003bd  RWIX
  INFOD                 00001000   00000040  00000000  00000040  RWIX
  INFOC                 00001040   00000040  00000000  00000040  RWIX
  INFOB                 00001080   00000040  00000000  00000040  RWIX
  INFOA                 000010c0   00000040  00000000  00000040  RWIX
  FLASH                 00008000   00007fde  00000348  00007c96  RWIX
  INT00                 0000ffe0   00000002  00000000  00000002  RWIX
  INT01                 0000ffe2   00000002  00000000  00000002  RWIX
  INT02                 0000ffe4   00000002  00000002  00000000  RWIX
  INT03                 0000ffe6   00000002  00000002  00000000  RWIX
  INT04                 0000ffe8   00000002  00000000  00000002  RWIX
  INT05                 0000ffea   00000002  00000002  00000000  RWIX
  INT06                 0000ffec   00000002  00000002  00000000  RWIX
  INT07                 0000ffee   00000002  00000002  00000000  RWIX
  INT08                 0000fff0   00000002  00000002  00000000  RWIX
  INT09                 0000fff2   00000002  00000002  00000000  RWIX
  INT10                 0000fff4   00000002  00000002  00000000  RWIX
  INT11                 0000fff6   00000002  00000000  00000002  RWIX
  INT12                 0000fff8   00000002  00000002  00000000  RWIX
  INT13                 0000fffa   00000002  00000002  00000000  RWIX
  INT14                 0000fffc   00000002  00000002  00000000  RWIX
  RESET                 0000fffe   00000002  00000002  00000000  RWIX


SECTION ALLOCATION MAP

 output                                  attributes/
section   page    origin      length       input sections
--------  ----  ----------  ----------   ----------------
xdc.meta   0    00000000    000000e8     COPY SECTION
                  00000000    000000e8     main_pe430.oe430 (xdc.meta)

.init_array 
*          0    00008000    00000000     UNINITIALIZED

.bss       0    00000200    00000003     UNINITIALIZED
                  00000200    00000002     (.common:i)
                  00000202    00000001     (.common:data)

.TI.noinit 
*          0    00000200    00000000     UNINITIALIZED

.stack     0    000005c0    00000040     UNINITIALIZED
                  000005c0    00000002     ti.targets.msp430.rts430.ae430 : boot.oe430 (.stack)
                  000005c2    0000003e     --HOLE--

.text      0    00008000    0000033e     
                  00008000    00000150     main.obj (.text:main)
                  00008150    0000006a     ti.targets.msp430.rts430.ae430 : autoinit.oe430 (.text:_auto_init)
                  000081ba    00000044     grace.lib : GPIO_init.obj (.text:GPIO_graceInit)
                  000081fe    00000032               : BCSplus_init.obj (.text:BCSplus_graceInit)
                  00008230    0000002a     main.obj (.text:inicializa)
                  0000825a    00000026     ti.targets.msp430.rts430.ae430 : boot.oe430 (.text:_c_int00_noexit)
                  00008280    00000024     grace.lib : Grace_init.obj (.text:Grace_init)
                  000082a4    0000001a               : USCI_A0_init.obj (.text:USCI_A0_graceInit)
                  000082be    0000001a               : USCI_B0_init.obj (.text:USCI_B0_graceInit)
                  000082d8    00000014     rts430_eabi.lib : copy_zero_init.obj (.text:decompress:ZI:__TI_zero_init)
                  000082ec    00000010                     : epilog.obj (.text)
                  000082fc    0000000c     grace.lib : System_init.obj (.text:System_graceInit)
                  00008308    0000000a     main_pe430.oe430 (.text:.bootCodeSection:ti_catalog_msp430_init_Boot_init)
                  00008312    00000008     ti.catalog.msp430.init.ae430 : Boot.oe430 (.text:.bootCodeSection:ti_catalog_msp430_init_Boot_disableWatchdog)
                  0000831a    00000008     grace.lib : WDTplus_init.obj (.text:WDTplus_graceInit)
                  00008322    00000006     rts430_eabi.lib : isr_trap.obj (.text:__TI_ISR_TRAP)
                  00008328    00000006     main_pe430.oe430 (.text:xdc_runtime_Startup_reset__I)
                  0000832e    00000004     ti.targets.msp430.rts430.ae430 : pre_init.oe430 (.text:_system_pre_init)
                  00008332    00000004     rts430_eabi.lib : exit.obj (.text:abort)
                  00008336    00000002     grace.lib : InterruptVectors_init.obj (.text:InterruptVectors_graceInit)
                  00008338    00000002               : InterruptVectors_init.obj (.text:PORT2_ISR_HOOK)
                  0000833a    00000002               : InterruptVectors_init.obj (.text:USCI0RX_ISR_HOOK)
                  0000833c    00000002               : InterruptVectors_init.obj (.text:USCI0TX_ISR_HOOK)

.cinit     0    0000833e    0000000a     
                  0000833e    00000004     (.cinit..bss.load) [load image, compression = zero_init]
                  00008342    00000002     (__TI_handler_table)
                  00008344    00000004     (__TI_cinit_table)

PORT1      0    0000ffe4    00000002     
                  0000ffe4    00000002     rts430_eabi.lib : int02.obj (.int02)

PORT2      0    0000ffe6    00000002     
                  0000ffe6    00000002     grace.lib : InterruptVectors_init.obj (.int03)

ADC10      0    0000ffea    00000002     
                  0000ffea    00000002     rts430_eabi.lib : int05.obj (.int05)

USCIAB0TX 
*          0    0000ffec    00000002     
                  0000ffec    00000002     grace.lib : InterruptVectors_init.obj (.int06)

USCIAB0RX 
*          0    0000ffee    00000002     
                  0000ffee    00000002     grace.lib : InterruptVectors_init.obj (.int07)

TIMERA1    0    0000fff0    00000002     
                  0000fff0    00000002     rts430_eabi.lib : int08.obj (.int08)

TIMERA0    0    0000fff2    00000002     
                  0000fff2    00000002     rts430_eabi.lib : int09.obj (.int09)

WDT        0    0000fff4    00000002     
                  0000fff4    00000002     rts430_eabi.lib : int10.obj (.int10)

TIMERB1    0    0000fff8    00000002     
                  0000fff8    00000002     rts430_eabi.lib : int12.obj (.int12)

TIMERB0    0    0000fffa    00000002     
                  0000fffa    00000002     rts430_eabi.lib : int13.obj (.int13)

NMI        0    0000fffc    00000002     
                  0000fffc    00000002     rts430_eabi.lib : int14.obj (.int14)

.reset     0    0000fffe    00000002     
                  0000fffe    00000002     ti.targets.msp430.rts430.ae430 : boot.oe430 (.reset)


LINKER GENERATED COPY TABLES

__TI_cinit_table @ 00008344 records: 1, size/record: 4, table size: 4
	.bss: load addr=0000833e, load size=00000004 bytes, run addr=00000200, run size=00000003 bytes, compression=zero_init


LINKER GENERATED HANDLER TABLE

__TI_handler_table @ 00008342 records: 1, size/record: 2, table size: 2
	index: 0, handler: __TI_zero_init


GLOBAL SYMBOLS: SORTED ALPHABETICALLY BY Name 

address    name
--------   ----
0000004a   ADC10AE0
0000004b   ADC10AE1
000001b0   ADC10CTL0
000001b2   ADC10CTL1
00000048   ADC10DTC0
00000049   ADC10DTC1
000001b4   ADC10MEM
000001bc   ADC10SA
00000057   BCSCTL1
00000058   BCSCTL2
00000053   BCSCTL3
000081fe   BCSplus_graceInit
00008332   C$$EXIT
000010fb   CALBC1_12MHZ
000010f9   CALBC1_16MHZ
000010ff   CALBC1_1MHZ
000010fd   CALBC1_8MHZ
000010fa   CALDCO_12MHZ
000010f8   CALDCO_16MHZ
000010fe   CALDCO_1MHZ
000010fc   CALDCO_8MHZ
00000056   DCOCTL
00000128   FCTL1
0000012a   FCTL2
0000012c   FCTL3
000081ba   GPIO_graceInit
00008280   Grace_init
00000000   IE1
00000001   IE2
00000002   IFG1
00000003   IFG2
00008336   InterruptVectors_graceInit
000000c0   OA0CTL0
000000c1   OA0CTL1
000000c2   OA1CTL0
000000c3   OA1CTL1
00000022   P1DIR
00000025   P1IE
00000024   P1IES
00000023   P1IFG
00000020   P1IN
00000021   P1OUT
00000027   P1REN
00000026   P1SEL
0000002a   P2DIR
0000002d   P2IE
0000002c   P2IES
0000002b   P2IFG
00000028   P2IN
00000029   P2OUT
0000002f   P2REN
0000002e   P2SEL
0000001a   P3DIR
00000018   P3IN
00000019   P3OUT
00000010   P3REN
0000001b   P3SEL
0000001e   P4DIR
0000001c   P4IN
0000001d   P4OUT
00000011   P4REN
0000001f   P4SEL
00008338   PORT2_ISR_HOOK
000082fc   System_graceInit
00000172   TACCR0
00000174   TACCR1
00000176   TACCR2
00000162   TACCTL0
00000164   TACCTL1
00000166   TACCTL2
00000160   TACTL
0000012e   TAIV
00000170   TAR
00000192   TBCCR0
00000194   TBCCR1
00000196   TBCCR2
00000182   TBCCTL0
00000184   TBCCTL1
00000186   TBCCTL2
00000180   TBCTL
0000011e   TBIV
00000190   TBR
0000005d   UCA0ABCTL
00000062   UCA0BR0
00000063   UCA0BR1
00000060   UCA0CTL0
00000061   UCA0CTL1
0000005f   UCA0IRRCTL
0000005e   UCA0IRTCTL
00000064   UCA0MCTL
00000066   UCA0RXBUF
00000065   UCA0STAT
00000067   UCA0TXBUF
0000006a   UCB0BR0
0000006b   UCB0BR1
00000068   UCB0CTL0
00000069   UCB0CTL1
0000006c   UCB0I2CIE
00000118   UCB0I2COA
0000011a   UCB0I2CSA
0000006e   UCB0RXBUF
0000006d   UCB0STAT
0000006f   UCB0TXBUF
0000833a   USCI0RX_ISR_HOOK
0000833c   USCI0TX_ISR_HOOK
000082a4   USCI_A0_graceInit
000082be   USCI_B0_graceInit
00000120   WDTCTL
0000831a   WDTplus_graceInit
00000000   __ASM__
0000005e   __ISA__
00000070   __PLAT__
00000600   __STACK_END
00000040   __STACK_SIZE
00000094   __TARG__
00008344   __TI_CINIT_Base
00008348   __TI_CINIT_Limit
00008342   __TI_Handler_Table_Base
00008344   __TI_Handler_Table_Limit
UNDEFED    __TI_INITARRAY_Base
UNDEFED    __TI_INITARRAY_Limit
00008322   __TI_ISR_TRAP
00000001   __TI_args_main
00000001   __TI_exit
0000ffe4   __TI_int02
0000ffe6   __TI_int03
0000ffea   __TI_int05
0000ffec   __TI_int06
0000ffee   __TI_int07
0000fff0   __TI_int08
0000fff2   __TI_int09
0000fff4   __TI_int10
0000fff8   __TI_int12
0000fffa   __TI_int13
0000fffc   __TI_int14
000082d8   __TI_zero_init
000000c0   __TRDR__
ffffffff   __binit__
ffffffff   __c_args__
000082f8   __mspabi_func_epilog_1
000082f6   __mspabi_func_epilog_2
000082f4   __mspabi_func_epilog_3
000082f2   __mspabi_func_epilog_4
000082f0   __mspabi_func_epilog_5
000082ee   __mspabi_func_epilog_6
000082ec   __mspabi_func_epilog_7
00008150   _auto_init
0000825a   _c_int00
0000825a   _c_int00_noexit
0000fffe   _reset_vector
000005c0   _stack
0000832e   _system_pre_init
00008332   abort
ffffffff   binit
00000202   data
00000200   i
00008230   inicializa
00008000   main
00008312   ti_catalog_msp430_init_Boot_disableWatchdog
00008308   ti_catalog_msp430_init_Boot_init
00000000   xdc_runtime_Startup__EXECFXN__C
00000001   xdc_runtime_Startup__RESETFXN__C
00000000   xdc_runtime_Startup_exec__E
00008328   xdc_runtime_Startup_reset__I


GLOBAL SYMBOLS: SORTED BY Symbol Address 

address    name
--------   ----
00000000   IE1
00000000   __ASM__
00000000   xdc_runtime_Startup__EXECFXN__C
00000000   xdc_runtime_Startup_exec__E
00000001   IE2
00000001   __TI_args_main
00000001   __TI_exit
00000001   xdc_runtime_Startup__RESETFXN__C
00000002   IFG1
00000003   IFG2
00000010   P3REN
00000011   P4REN
00000018   P3IN
00000019   P3OUT
0000001a   P3DIR
0000001b   P3SEL
0000001c   P4IN
0000001d   P4OUT
0000001e   P4DIR
0000001f   P4SEL
00000020   P1IN
00000021   P1OUT
00000022   P1DIR
00000023   P1IFG
00000024   P1IES
00000025   P1IE
00000026   P1SEL
00000027   P1REN
00000028   P2IN
00000029   P2OUT
0000002a   P2DIR
0000002b   P2IFG
0000002c   P2IES
0000002d   P2IE
0000002e   P2SEL
0000002f   P2REN
00000040   __STACK_SIZE
00000048   ADC10DTC0
00000049   ADC10DTC1
0000004a   ADC10AE0
0000004b   ADC10AE1
00000053   BCSCTL3
00000056   DCOCTL
00000057   BCSCTL1
00000058   BCSCTL2
0000005d   UCA0ABCTL
0000005e   UCA0IRTCTL
0000005e   __ISA__
0000005f   UCA0IRRCTL
00000060   UCA0CTL0
00000061   UCA0CTL1
00000062   UCA0BR0
00000063   UCA0BR1
00000064   UCA0MCTL
00000065   UCA0STAT
00000066   UCA0RXBUF
00000067   UCA0TXBUF
00000068   UCB0CTL0
00000069   UCB0CTL1
0000006a   UCB0BR0
0000006b   UCB0BR1
0000006c   UCB0I2CIE
0000006d   UCB0STAT
0000006e   UCB0RXBUF
0000006f   UCB0TXBUF
00000070   __PLAT__
00000094   __TARG__
000000c0   OA0CTL0
000000c0   __TRDR__
000000c1   OA0CTL1
000000c2   OA1CTL0
000000c3   OA1CTL1
00000118   UCB0I2COA
0000011a   UCB0I2CSA
0000011e   TBIV
00000120   WDTCTL
00000128   FCTL1
0000012a   FCTL2
0000012c   FCTL3
0000012e   TAIV
00000160   TACTL
00000162   TACCTL0
00000164   TACCTL1
00000166   TACCTL2
00000170   TAR
00000172   TACCR0
00000174   TACCR1
00000176   TACCR2
00000180   TBCTL
00000182   TBCCTL0
00000184   TBCCTL1
00000186   TBCCTL2
00000190   TBR
00000192   TBCCR0
00000194   TBCCR1
00000196   TBCCR2
000001b0   ADC10CTL0
000001b2   ADC10CTL1
000001b4   ADC10MEM
000001bc   ADC10SA
00000200   i
00000202   data
000005c0   _stack
00000600   __STACK_END
000010f8   CALDCO_16MHZ
000010f9   CALBC1_16MHZ
000010fa   CALDCO_12MHZ
000010fb   CALBC1_12MHZ
000010fc   CALDCO_8MHZ
000010fd   CALBC1_8MHZ
000010fe   CALDCO_1MHZ
000010ff   CALBC1_1MHZ
00008000   main
00008150   _auto_init
000081ba   GPIO_graceInit
000081fe   BCSplus_graceInit
00008230   inicializa
0000825a   _c_int00
0000825a   _c_int00_noexit
00008280   Grace_init
000082a4   USCI_A0_graceInit
000082be   USCI_B0_graceInit
000082d8   __TI_zero_init
000082ec   __mspabi_func_epilog_7
000082ee   __mspabi_func_epilog_6
000082f0   __mspabi_func_epilog_5
000082f2   __mspabi_func_epilog_4
000082f4   __mspabi_func_epilog_3
000082f6   __mspabi_func_epilog_2
000082f8   __mspabi_func_epilog_1
000082fc   System_graceInit
00008308   ti_catalog_msp430_init_Boot_init
00008312   ti_catalog_msp430_init_Boot_disableWatchdog
0000831a   WDTplus_graceInit
00008322   __TI_ISR_TRAP
00008328   xdc_runtime_Startup_reset__I
0000832e   _system_pre_init
00008332   C$$EXIT
00008332   abort
00008336   InterruptVectors_graceInit
00008338   PORT2_ISR_HOOK
0000833a   USCI0RX_ISR_HOOK
0000833c   USCI0TX_ISR_HOOK
00008342   __TI_Handler_Table_Base
00008344   __TI_CINIT_Base
00008344   __TI_Handler_Table_Limit
00008348   __TI_CINIT_Limit
0000ffe4   __TI_int02
0000ffe6   __TI_int03
0000ffea   __TI_int05
0000ffec   __TI_int06
0000ffee   __TI_int07
0000fff0   __TI_int08
0000fff2   __TI_int09
0000fff4   __TI_int10
0000fff8   __TI_int12
0000fffa   __TI_int13
0000fffc   __TI_int14
0000fffe   _reset_vector
ffffffff   __binit__
ffffffff   __c_args__
ffffffff   binit
UNDEFED    __TI_INITARRAY_Base
UNDEFED    __TI_INITARRAY_Limit

[164 symbols]
